[0.827s] Invoking command in '/home/heo/robot_ws/build/my_bot': PYTHONPATH=/home/heo/robot_ws/build/my_bot/prefix_override:/usr/lib/python3/dist-packages/colcon_core/task/python/colcon_distutils_commands:/home/heo/robot_ws/install/my_bot/lib/python3.10/site-packages:${PYTHONPATH} /usr/bin/python3 -W ignore:setup.py install is deprecated -W ignore:easy_install command is deprecated setup.py develop --editable --build-directory /home/heo/robot_ws/build/my_bot/build --no-deps symlink_data
[1.042s] running develop
[1.170s] running egg_info
[1.170s] creating my_bot.egg-info
[1.170s] writing my_bot.egg-info/PKG-INFO
[1.171s] writing dependency_links to my_bot.egg-info/dependency_links.txt
[1.171s] writing entry points to my_bot.egg-info/entry_points.txt
[1.171s] writing requirements to my_bot.egg-info/requires.txt
[1.171s] writing top-level names to my_bot.egg-info/top_level.txt
[1.171s] writing manifest file 'my_bot.egg-info/SOURCES.txt'
[1.172s] reading manifest file 'my_bot.egg-info/SOURCES.txt'
[1.173s] writing manifest file 'my_bot.egg-info/SOURCES.txt'
[1.174s] running build_ext
[1.174s] Creating /home/heo/robot_ws/install/my_bot/lib/python3.10/site-packages/my-bot.egg-link (link to .)
[1.174s] 
[1.175s] Installed /home/heo/robot_ws/build/my_bot
[1.175s] running symlink_data
[1.175s] creating /home/heo/robot_ws/install/my_bot/share/ament_index
[1.175s] creating /home/heo/robot_ws/install/my_bot/share/ament_index/resource_index
[1.175s] creating /home/heo/robot_ws/install/my_bot/share/ament_index/resource_index/packages
[1.175s] symbolically linking /home/heo/robot_ws/build/my_bot/resource/my_bot -> /home/heo/robot_ws/install/my_bot/share/ament_index/resource_index/packages
[1.175s] symbolically linking /home/heo/robot_ws/build/my_bot/package.xml -> /home/heo/robot_ws/install/my_bot/share/my_bot
[1.176s] creating /home/heo/robot_ws/install/my_bot/share/my_bot/launch
[1.176s] symbolically linking /home/heo/robot_ws/build/my_bot/launch/rsp.launch.py -> /home/heo/robot_ws/install/my_bot/share/my_bot/launch
[1.176s] symbolically linking /home/heo/robot_ws/build/my_bot/launch/sim.launch.py -> /home/heo/robot_ws/install/my_bot/share/my_bot/launch
[1.176s] creating /home/heo/robot_ws/install/my_bot/share/my_bot/urdf
[1.176s] symbolically linking /home/heo/robot_ws/build/my_bot/urdf/lidar.xacro -> /home/heo/robot_ws/install/my_bot/share/my_bot/urdf
[1.176s] symbolically linking /home/heo/robot_ws/build/my_bot/urdf/robot_core.xacro -> /home/heo/robot_ws/install/my_bot/share/my_bot/urdf
[1.176s] symbolically linking /home/heo/robot_ws/build/my_bot/urdf/gazebo_control.xacro -> /home/heo/robot_ws/install/my_bot/share/my_bot/urdf
[1.176s] symbolically linking /home/heo/robot_ws/build/my_bot/urdf/inertial_macros.xacro -> /home/heo/robot_ws/install/my_bot/share/my_bot/urdf
[1.176s] symbolically linking /home/heo/robot_ws/build/my_bot/urdf/robot.urdf.xacro -> /home/heo/robot_ws/install/my_bot/share/my_bot/urdf
[1.215s] Invoked command in '/home/heo/robot_ws/build/my_bot' returned '0': PYTHONPATH=/home/heo/robot_ws/build/my_bot/prefix_override:/usr/lib/python3/dist-packages/colcon_core/task/python/colcon_distutils_commands:/home/heo/robot_ws/install/my_bot/lib/python3.10/site-packages:${PYTHONPATH} /usr/bin/python3 -W ignore:setup.py install is deprecated -W ignore:easy_install command is deprecated setup.py develop --editable --build-directory /home/heo/robot_ws/build/my_bot/build --no-deps symlink_data
